# serializer version: 1
# name: test_all_disabled_parkings
  list([
    DisabledParking(
      address='Paul-Thomas-Straße 35',
      district='Holthausen',
      entry_id='a29702e7-94ae-4556-8e83-b57e8368f7c9',
      last_update=datetime.datetime(2022, 10, 28, 0, 0, tzinfo=datetime.timezone.utc),
      latitude=51.17041525,
      longitude=6.85161382,
      note='Stadtbad Niederheid',
      number=4,
      time_limit=None,
    ),
    DisabledParking(
      address='Peter-Behrens-Straße 2',
      district='Garath',
      entry_id='eec91bb1-95ae-4be4-8c10-c34e95b1a9a7',
      last_update=datetime.datetime(2022, 10, 28, 0, 0, tzinfo=datetime.timezone.utc),
      latitude=51.14448552,
      longitude=6.88558867,
      note='Einkaufszentrum',
      number=2,
      time_limit=None,
    ),
    DisabledParking(
      address='Pionierstraße 1',
      district='Friedrichstadt',
      entry_id='e9616d07-69a2-4e1c-9efd-48ddb0351dfd',
      last_update=datetime.datetime(2022, 10, 28, 0, 0, tzinfo=datetime.timezone.utc),
      latitude=51.21858693,
      longitude=6.78565818,
      note='Arztpraxis',
      number=1,
      time_limit=None,
    ),
    DisabledParking(
      address='Pöhlenweg 41',
      district='Grafenberg',
      entry_id='119bc152-9ace-4f7a-8228-7fefe3c6f791',
      last_update=datetime.datetime(2022, 10, 28, 0, 0, tzinfo=datetime.timezone.utc),
      latitude=51.23818121,
      longitude=6.83597885,
      note='mehrere Berechtigte/Wohngebiet',
      number=1,
      time_limit=None,
    ),
    DisabledParking(
      address='Posener Straße',
      district='Lierenfeld',
      entry_id='a9c27189-1c56-4520-9492-582bcfc22b31',
      last_update=datetime.datetime(2022, 10, 28, 0, 0, tzinfo=datetime.timezone.utc),
      latitude=51.20878751,
      longitude=6.83048486,
      note='Kirche',
      number=2,
      time_limit=None,
    ),
    DisabledParking(
      address='Poststraße 1',
      district='Carlstadt',
      entry_id='4188a370-9bb6-4dbf-8daf-1bd464d9b9a3',
      last_update=datetime.datetime(2022, 10, 28, 0, 0, tzinfo=datetime.timezone.utc),
      latitude=51.22297154,
      longitude=6.77169835,
      note='Maxkirche / Carlsplatz',
      number=1,
      time_limit=None,
    ),
    DisabledParking(
      address='Potsdamer Straße 39',
      district='Hassels',
      entry_id='1fa87962-5cd3-4442-b148-85fa6d87693c',
      last_update=datetime.datetime(2022, 10, 28, 0, 0, tzinfo=datetime.timezone.utc),
      latitude=51.18448969,
      longitude=6.86189224,
      note='DRK',
      number=1,
      time_limit='Mo.-So. 8:00-18:00',
    ),
    DisabledParking(
      address='Prinzenallee 19',
      district='Heerdt',
      entry_id='c4275963-5d4f-4208-ab12-2da7f501c115',
      last_update=datetime.datetime(2022, 10, 28, 0, 0, tzinfo=datetime.timezone.utc),
      latitude=51.23699852,
      longitude=6.7345448,
      note='Ärztehaus',
      number=1,
      time_limit=None,
    ),
    DisabledParking(
      address='Quadenhofstraße',
      district='Gerresheim',
      entry_id='595db356-0e41-4014-8702-6e8d975f0a95',
      last_update=datetime.datetime(2022, 10, 28, 0, 0, tzinfo=datetime.timezone.utc),
      latitude=51.23212988,
      longitude=6.86591546,
      note='Friedhof',
      number=2,
      time_limit=None,
    ),
    DisabledParking(
      address='Quirinstraße 32',
      district='Oberkassel',
      entry_id='a7bc2fcf-072c-4b9f-8cf4-26f39890029e',
      last_update=datetime.datetime(2022, 10, 28, 0, 0, tzinfo=datetime.timezone.utc),
      latitude=51.23366626,
      longitude=6.75015157,
      note='vor der Kirche',
      number=1,
      time_limit=None,
    ),
  ])
# ---
# name: test_all_garages
  list([
    Garage(
      address='Oststraße 15',
      entry_id=1,
      latitude=51.227096,
      location='40211 Düsseldorf Stadtmitte',
      longitude=6.789029,
      name='Galeria-Kaufhof Am Wehrhahn',
    ),
    Garage(
      address='Am Wehrhahn 72',
      entry_id=2,
      latitude=51.2292448423378,
      location='40211 Düsseldorf Pempelfort',
      longitude=6.79381259809375,
      name='Am Wehrhahn',
    ),
    Garage(
      address='Bachstraße 141',
      entry_id=3,
      latitude=51.209159,
      location='40217 Düsseldorf Unterbilk',
      longitude=6.774042,
      name='Düsseldorf Arcaden',
    ),
    Garage(
      address='Bendemannstraße 5',
      entry_id=4,
      latitude=51.2230525186179,
      location='40210 Düsseldorf Stadtmitte',
      longitude=6.79208848068309,
      name='Bendemannstraße',
    ),
    Garage(
      address='Benrather Straße 7B',
      entry_id=5,
      latitude=51.2229922455896,
      location='40213 Düsseldorf Carlstadt',
      longitude=6.77366179353614,
      name='Carlslplatz',
    ),
    Garage(
      address='Berliner Allee 52',
      entry_id=6,
      latitude=51.219316243748,
      location='40212 Düsseldorf Stadtmitte',
      longitude=6.78229566757991,
      name='Galeria Kaufhof Berliner Allee',
    ),
    Garage(
      address='Berliner Allee 53',
      entry_id=7,
      latitude=51.2204457432369,
      location='40211 Düsseldorf Stadtmitte',
      longitude=6.78173080974783,
      name='Autohaus Moll',
    ),
    Garage(
      address='Schadowstraße 76',
      entry_id=8,
      latitude=51.22788,
      location='40212 Düsseldorf Stadtmitte',
      longitude=6.785615,
      name='Verkehrswacht Schadowstraße',
    ),
    Garage(
      address='Breite Straße 1',
      entry_id=9,
      latitude=51.224377,
      location='40213 Düsseldorf Stadtmitte',
      longitude=6.776906,
      name='Carsch-Haus',
    ),
    Garage(
      address='Brüderstraße',
      entry_id=10,
      latitude=51.23565094,
      location='40477 Düsseldorf Pempelfort',
      longitude=6.77303398,
      name='E.On-Platz',
    ),
  ])
# ---
# name: test_all_park_and_rides
  list([
    ParkAndRide(
      address='Westfalenstraße 90',
      district='06',
      entry_id=1,
      latitude=51.26421809,
      longitude=6.819546403,
      name='Rath S',
      neighbourhood='Rath',
      public_transport='Linie S6, U71, U72, 701',
    ),
    ParkAndRide(
      address='Am Südfriedhof 11',
      district='03',
      entry_id=2,
      latitude=51.20038262,
      longitude=6.755868221,
      name='Am Südfriedhof',
      neighbourhood='Bilk',
      public_transport='Linie 709, 723, 893',
    ),
    ParkAndRide(
      address='Ludenberger Straße 8',
      district='07',
      entry_id=3,
      latitude=51.24232978,
      longitude=6.829322103,
      name='Staufenplatz',
      neighbourhood='Grafenberg',
      public_transport='Linie M1, M2, U73, U83, 709,\xa0730, 733',
    ),
    ParkAndRide(
      address='Ahrensplatz 9',
      district='06',
      entry_id=4,
      latitude=51.29058269,
      longitude=6.788162234,
      name='Flughafen Bahnhof',
      neighbourhood='Lichtenbroich',
      public_transport='Linie IC/IR, RE1, RE2, RE3, RE5, RE6, RB35, S1, SB51, 729, 759, 776, SkyTrain',
    ),
    ParkAndRide(
      address='Friedhofstraße 26',
      district='09',
      entry_id=5,
      latitude=51.16297837,
      longitude=6.87776289,
      name='Benrath S',
      neighbourhood='Benrath',
      public_transport='Linie RE1, RE5, S6, S68, SB59, M1, U71, U74, U83,\xa0730, 778, 779, 784, 788, 789, 815, 817, NE7',
    ),
    ParkAndRide(
      address='Vennhauser Allee 89',
      district='08',
      entry_id=6,
      latitude=51.20321557,
      longitude=6.852149131,
      name='Eller S',
      neighbourhood='Eller',
      public_transport='Linie S1, M1, 722, 730, 735, 736, 891, NE6',
    ),
    ParkAndRide(
      address='An den Linden 16',
      district='05',
      entry_id=7,
      latitude=51.33036745,
      longitude=6.781381138,
      name='Angermund S',
      neighbourhood='Angermund',
      public_transport='Linie S1, 751',
    ),
    ParkAndRide(
      address='Sturmstraße 80',
      district='08',
      entry_id=8,
      latitude=51.19845463,
      longitude=6.8363527,
      name='Eller Süd S',
      neighbourhood='Eller',
      public_transport='Linie S6, S68, 724, 731, 732, 735, NE6',
    ),
    ParkAndRide(
      address='Koblenzer Straße 253',
      district='10',
      entry_id=9,
      latitude=51.14421404,
      longitude=6.896467257,
      name='Garath S (Ostseite u. Westseite)',
      neighbourhood='Garath',
      public_transport='Linie S6, S68, 778, 779, 789',
    ),
    ParkAndRide(
      address='Carlo-Schmid-Straße 9',
      district='10',
      entry_id=10,
      latitude=51.13145982,
      longitude=6.908925009,
      name='Hellerhof S',
      neighbourhood='Hellerhof',
      public_transport='Linie S6, S68, 789, 795',
    ),
  ])
# ---
